# serializer version: 1
# name: test_get_all_jobs_status
  ImmichJobsStatus(background_task=JobStatus(job_counts=JobCounts(active=0, completed=1532, delayed=0, failed=0, paused=0, waiting=0), queue_status=QueueStatus(is_active=True, is_paused=False)), backup_database=JobStatus(job_counts=JobCounts(active=0, completed=45, delayed=0, failed=0, paused=0, waiting=0), queue_status=QueueStatus(is_active=True, is_paused=False)), duplicate_detection=JobStatus(job_counts=JobCounts(active=0, completed=0, delayed=0, failed=0, paused=0, waiting=0), queue_status=QueueStatus(is_active=True, is_paused=False)), face_detection=JobStatus(job_counts=JobCounts(active=0, completed=27038, delayed=0, failed=0, paused=0, waiting=0), queue_status=QueueStatus(is_active=True, is_paused=False)), facial_recognition=JobStatus(job_counts=JobCounts(active=0, completed=0, delayed=0, failed=0, paused=0, waiting=0), queue_status=QueueStatus(is_active=True, is_paused=False)), library=JobStatus(job_counts=JobCounts(active=0, completed=0, delayed=0, failed=0, paused=0, waiting=0), queue_status=QueueStatus(is_active=True, is_paused=False)), metadata_extraction=JobStatus(job_counts=JobCounts(active=0, completed=28874, delayed=0, failed=0, paused=0, waiting=0), queue_status=QueueStatus(is_active=True, is_paused=False)), migration=JobStatus(job_counts=JobCounts(active=0, completed=0, delayed=0, failed=0, paused=0, waiting=0), queue_status=QueueStatus(is_active=True, is_paused=False)), notifications=JobStatus(job_counts=JobCounts(active=0, completed=0, delayed=0, failed=0, paused=0, waiting=0), queue_status=QueueStatus(is_active=True, is_paused=False)), search=JobStatus(job_counts=JobCounts(active=0, completed=28874, delayed=0, failed=0, paused=0, waiting=0), queue_status=QueueStatus(is_active=True, is_paused=False)), sidecar=JobStatus(job_counts=JobCounts(active=0, completed=0, delayed=0, failed=0, paused=0, waiting=0), queue_status=QueueStatus(is_active=True, is_paused=False)), smart_search=JobStatus(job_counts=JobCounts(active=0, completed=0, delayed=0, failed=0, paused=0, waiting=0), queue_status=QueueStatus(is_active=True, is_paused=False)), storage_template_migration=JobStatus(job_counts=JobCounts(active=0, completed=0, delayed=0, failed=0, paused=0, waiting=0), queue_status=QueueStatus(is_active=True, is_paused=False)), thumbnail_generation=JobStatus(job_counts=JobCounts(active=0, completed=30924, delayed=0, failed=0, paused=0, waiting=0), queue_status=QueueStatus(is_active=True, is_paused=False)), video_conversion=JobStatus(job_counts=JobCounts(active=0, completed=1836, delayed=0, failed=0, paused=0, waiting=0), queue_status=QueueStatus(is_active=True, is_paused=False)))
# ---
# name: test_send_job_command
  JobStatus(job_counts=JobCounts(active=0, completed=30924, delayed=0, failed=0, paused=0, waiting=0), queue_status=QueueStatus(is_active=True, is_paused=False))
# ---